


ARM Macro Assembler    Page 1 


    1 00000000                 AREA             project, CODE, READONLY
    2 00000000         
    3 00000000                 EXPORT           MAIN        ;NEEDED LINE
    4 00000000                 ENTRY                        ;SHOWS WHEN THE COD
                                                            E STARTS
    5 00000000         
    6 00000000         
    7 00000000         MAIN                                 ;USED AS LABEL
    8 00000000         ;; Variable (Register) Definition
    9 00000000 F04F 0000       MOV              R0,#0       ;LINE COUNTER(LINES
                                                             DEFINED AT THE END
                                                            )
   10 00000004 F04F 0103       MOV              R1,#3       ;HISTOGRAM WIDTH
   11 00000008 F04F 0203       MOV              R2,#3       ;HISTOGRAM HEIGHT
   12 0000000C F04F 0300       MOV              R3,#0       ;HISTOGRAM PIXEL CO
                                                            UNTER
   13 00000010 F04F 0400       MOV              R4,#0       ;OVERALL COUNTER(GO
                                                            ES UNTILL 15*15 - 1
                                                            )
   14 00000014 F04F 5500       MOV              R5,#0x20000000 ;STACK POINTER
   15 00000018 E7FE    EOF     B                EOF         ;END OF ALGORITHM  
                                                            
   16 0000001A         
   17 0000001A         
   18 0000001A         
   19 0000001A 77 63 6F 
              8D 2B 00 
              0C 07 00 
              0A 10 0F 
              21 21 1F LINE1   DCB              119,99,111,141,43,0,12,7,0,10,1
6,15,33,33,31
   20 00000029 60 5D 6C 
              70 86 3A 
              02 00 09 
              00 00 0E 
              18 16 16 LINE2   DCB              96,93,108,112,134,58,2,0,9,0,0,
14,24,22,22
   21 00000038 6E 67 67 
              6A 7B 78 
              3B 08 00 
              00 00 03 
              09 0C 0F LINE3   DCB              110,103,103,106,123,120,59,8,0,
0,0,3,9,12,15
   22 00000047 65 82 6F 
              60 65 7A 
              7D 46 0A 
              03 02 00 
              05 04 09 LINE4   DCB              101,130,111,96,101,122,125,70,1
0,3,2,0,5,4,9
   23 00000056 7F 67 65 
              6D 6C 72 
              7B 7C 4C 
              05 00 04 
              0A 00 07 LINE5   DCB              127,103,101,109,108,114,123,124
,76,5,0,4,10,0,7
   24 00000065 71 76 77 
              72 6D 77 
              70 74 87 
              70 1A 00 



ARM Macro Assembler    Page 2 


              0D 00 03 LINE6   DCB              113,118,119,114,109,119,112,116
,135,112,26,0,13,0,3
   25 00000074 6F 74 76 
              72 6E 70 
              79 66 6E 
              8E 6A 1A 
              00 0A 00 LINE7   DCB              111,116,118,114,110,112,121,102
,110,142,106,26,0,10,0
   26 00000083 6C 71 74 
              73 70 80 
              60 75 7C 
              65 81 76 
              17 00 11 LINE8   DCB              108,113,116,115,112,128,96,117,
124,101,129,118,23,0,17
   27 00000092 6B 6F 73 
              73 72 74 
              77 7D 72 
              61 6D 7B 
              74 2B 0A LINE9   DCB              107,111,115,115,114,116,119,125
,114,97,109,123,116,43,10
   28 000000A1 6C 6E 72 
              73 73 71 
              77 74 74 
              77 6E 71 
              88 86 38 LINE10  DCB              108,110,114,115,115,113,119,116
,116,119,110,113,136,134,56
   29 000000B0 6F 6E 71 
              73 74 7C 
              6C 70 78 
              73 78 7C 
              70 8B 8E LINE11  DCB              111,110,113,115,116,124,108,112
,120,115,120,124,112,139,142
   30 000000BF 73 6F 71 
              73 74 6E 
              8B 72 5E 
              7C 7A 68 
              7B 72 84 LINE12  DCB              115,111,113,115,116,110,139,114
,94,124,122,104,123,114,132
   31 000000CE 76 70 71 
              73 74 77 
              74 7D 78 
              67 72 7E 
              6E 65 6E LINE13  DCB              118,112,113,115,116,119,116,125
,120,103,114,126,110,101,110
   32 000000DD 76 71 5B 
              75 67 71 
              71 71 72 
              73 74 74 
              75 69 68 LINE14  DCB              118,113,91,117,103,113,113,113,
114,115,116,116,117,105,104
   33 000000EC 7C 75 5E 
              75 67 70 
              71 71 72 
              73 74 74 
              74 7A 6C LINE15  DCB              124,117,94,117,103,112,113,113,
114,115,116,116,116,122,108
   34 000000FB         END
                       
Command Line: --debug --xref --cpu=Cortex-M4.fp --apcs=interwork --depend=.\alg



ARM Macro Assembler    Page 3 


orithm_assembly.d -o.\algorithm_assembly.o -IC:\Keil\ARM\RV31\INC -IC:\Keil\ARM
\CMSIS\Include -IC:\Keil\ARM\Inc\ST\STM32F4xx --predefine="__EVAL SETA 1" --lis
t=.\algorithm_assembly.lst algorithm_assembly.s



ARM Macro Assembler    Page 1 Alphabetic symbol ordering
Relocatable symbols

END 000000FB

Symbol: END
   Definitions
      At line 34 in file algorithm_assembly.s
   Uses
      None
Comment: END unused
EOF 00000018

Symbol: EOF
   Definitions
      At line 15 in file algorithm_assembly.s
   Uses
      At line 15 in file algorithm_assembly.s
Comment: EOF used once
LINE1 0000001A

Symbol: LINE1
   Definitions
      At line 19 in file algorithm_assembly.s
   Uses
      None
Comment: LINE1 unused
LINE10 000000A1

Symbol: LINE10
   Definitions
      At line 28 in file algorithm_assembly.s
   Uses
      None
Comment: LINE10 unused
LINE11 000000B0

Symbol: LINE11
   Definitions
      At line 29 in file algorithm_assembly.s
   Uses
      None
Comment: LINE11 unused
LINE12 000000BF

Symbol: LINE12
   Definitions
      At line 30 in file algorithm_assembly.s
   Uses
      None
Comment: LINE12 unused
LINE13 000000CE

Symbol: LINE13
   Definitions
      At line 31 in file algorithm_assembly.s
   Uses
      None
Comment: LINE13 unused
LINE14 000000DD

Symbol: LINE14



ARM Macro Assembler    Page 2 Alphabetic symbol ordering
Relocatable symbols

   Definitions
      At line 32 in file algorithm_assembly.s
   Uses
      None
Comment: LINE14 unused
LINE15 000000EC

Symbol: LINE15
   Definitions
      At line 33 in file algorithm_assembly.s
   Uses
      None
Comment: LINE15 unused
LINE2 00000029

Symbol: LINE2
   Definitions
      At line 20 in file algorithm_assembly.s
   Uses
      None
Comment: LINE2 unused
LINE3 00000038

Symbol: LINE3
   Definitions
      At line 21 in file algorithm_assembly.s
   Uses
      None
Comment: LINE3 unused
LINE4 00000047

Symbol: LINE4
   Definitions
      At line 22 in file algorithm_assembly.s
   Uses
      None
Comment: LINE4 unused
LINE5 00000056

Symbol: LINE5
   Definitions
      At line 23 in file algorithm_assembly.s
   Uses
      None
Comment: LINE5 unused
LINE6 00000065

Symbol: LINE6
   Definitions
      At line 24 in file algorithm_assembly.s
   Uses
      None
Comment: LINE6 unused
LINE7 00000074

Symbol: LINE7
   Definitions
      At line 25 in file algorithm_assembly.s
   Uses



ARM Macro Assembler    Page 3 Alphabetic symbol ordering
Relocatable symbols

      None
Comment: LINE7 unused
LINE8 00000083

Symbol: LINE8
   Definitions
      At line 26 in file algorithm_assembly.s
   Uses
      None
Comment: LINE8 unused
LINE9 00000092

Symbol: LINE9
   Definitions
      At line 27 in file algorithm_assembly.s
   Uses
      None
Comment: LINE9 unused
MAIN 00000000

Symbol: MAIN
   Definitions
      At line 7 in file algorithm_assembly.s
   Uses
      At line 3 in file algorithm_assembly.s
Comment: MAIN used once
project 00000000

Symbol: project
   Definitions
      At line 1 in file algorithm_assembly.s
   Uses
      None
Comment: project unused
19 symbols
351 symbols in table
