<html>
<body>
<pre>
<h1>µVision Build Log</h1>
<h2>Project:</h2>
C:\Personal\University\Amirkabir University\Computer Architecture\Histogram Equalization\IP_HE_Assembly.uvproj
Project File Date:  01/15/2017

<h2>Output:</h2>
Build target 'Target 1'
assembling algorithm_assembly.s...
algorithm_assembly.s(35): warning: A1447W: Missing END directive at end of file, but found a label named END
linking...
Program Size: Code=848 RO-data=392 RW-data=20 ZI-data=1540  
".\IP_HE_Assembly.axf" - 0 Error(s), 1 Warning(s).
a=392 RW-data=20 ZI-data=1540  
".\IP_HE_Assembly.axf" - 0 Error(s), 2 Warning(s).
or(s), 1 Warning(s).
Target not created
