ARM Linker, 5.03 [Build 76] [MDK-ARM Lite]

==============================================================================

Section Cross References

    system_stm32f4xx.o(.text) refers to system_stm32f4xx.o(.data) for SystemCoreClock
    startup_stm32f40xx.o(STACK) refers (Special) to heapauxi.o(.text) for __use_two_region_memory
    startup_stm32f40xx.o(HEAP) refers (Special) to heapauxi.o(.text) for __use_two_region_memory
    startup_stm32f40xx.o(RESET) refers (Special) to heapauxi.o(.text) for __use_two_region_memory
    startup_stm32f40xx.o(RESET) refers to startup_stm32f40xx.o(STACK) for __initial_sp
    startup_stm32f40xx.o(RESET) refers to startup_stm32f40xx.o(.text) for Reset_Handler
    startup_stm32f40xx.o(.text) refers (Special) to heapauxi.o(.text) for __use_two_region_memory
    startup_stm32f40xx.o(.text) refers to system_stm32f4xx.o(.text) for SystemInit
    startup_stm32f40xx.o(.text) refers to algorithm_assembly.o(project) for MAIN
    startup_stm32f40xx.o(.text) refers to startup_stm32f40xx.o(HEAP) for Heap_Mem
    startup_stm32f40xx.o(.text) refers to startup_stm32f40xx.o(STACK) for Stack_Mem


==============================================================================

Removing Unused input sections from the image.

    Removing system_stm32f4xx.o(.rev16_text), (4 bytes).
    Removing system_stm32f4xx.o(.revsh_text), (4 bytes).

2 unused section(s) (total 8 bytes) removed from the image.

==============================================================================

Image Symbol Table

    Local Symbols

    Symbol Name                              Value     Ov Type        Size  Object(Section)

    ../clib/heapaux.c                        0x00000000   Number         0  heapauxi.o ABSOLUTE
    C:\Keil\ARM\Startup\ST\STM32F4xx\startup_stm32f40xx.s 0x00000000   Number         0  startup_stm32f40xx.o ABSOLUTE
    C:\Keil\ARM\Startup\ST\STM32F4xx\system_stm32f4xx.c 0x00000000   Number         0  system_stm32f4xx.o ABSOLUTE
    C:\\Keil\\ARM\\Startup\\ST\\STM32F4xx\\system_stm32f4xx.c 0x00000000   Number         0  system_stm32f4xx.o ABSOLUTE
    algorithm_assembly.s                     0x00000000   Number         0  algorithm_assembly.o ABSOLUTE
    dc.s                                     0x00000000   Number         0  dc.o ABSOLUTE
    RESET                                    0x08000000   Section      392  startup_stm32f40xx.o(RESET)
    .text                                    0x08000188   Section        0  system_stm32f4xx.o(.text)
    SetSysClock                              0x08000189   Thumb Code   218  system_stm32f4xx.o(.text)
    .text                                    0x08000394   Section       64  startup_stm32f40xx.o(.text)
    $v0                                      0x08000394   Number         0  startup_stm32f40xx.o(.text)
    .text                                    0x080003d4   Section        0  heapauxi.o(.text)
    project                                  0x080003dc   Section      630  algorithm_assembly.o(project)
    $v0                                      0x080003dc   Number         0  algorithm_assembly.o(project)
    .data                                    0x20000000   Section       20  system_stm32f4xx.o(.data)
    HEAP                                     0x20000018   Section      512  startup_stm32f40xx.o(HEAP)
    Heap_Mem                                 0x20000018   Data         512  startup_stm32f40xx.o(HEAP)
    STACK                                    0x20000218   Section     1024  startup_stm32f40xx.o(STACK)
    Stack_Mem                                0x20000218   Data        1024  startup_stm32f40xx.o(STACK)
    __initial_sp                             0x20000618   Data           0  startup_stm32f40xx.o(STACK)

    Global Symbols

    Symbol Name                              Value     Ov Type        Size  Object(Section)

    BuildAttributes$$THM_ISAv4$E$P$D$K$B$S$7EM$VFPi3$EXTD16$VFPS$VFMA$PE$A:L22UL41UL21$X:L11$S22US41US21$IEEE1$IW$USESV6$~STKCKD$USESV7$~SHL$OSPACE$ROPI$EBA8$STANDARDLIB$REQ8$PRES8$EABIv2 0x00000000   Number         0  anon$$obj.o ABSOLUTE
    __Vectors_Size                           0x00000188   Number         0  startup_stm32f40xx.o ABSOLUTE
    __Vectors                                0x08000000   Data           4  startup_stm32f40xx.o(RESET)
    __Vectors_End                            0x08000188   Data           0  startup_stm32f40xx.o(RESET)
    SystemInit                               0x08000263   Thumb Code    88  system_stm32f4xx.o(.text)
    SystemCoreClockUpdate                    0x080002bb   Thumb Code   174  system_stm32f4xx.o(.text)
    Reset_Handler                            0x08000395   Thumb Code     8  startup_stm32f40xx.o(.text)
    NMI_Handler                              0x0800039d   Thumb Code     2  startup_stm32f40xx.o(.text)
    HardFault_Handler                        0x0800039f   Thumb Code     2  startup_stm32f40xx.o(.text)
    MemManage_Handler                        0x080003a1   Thumb Code     2  startup_stm32f40xx.o(.text)
    BusFault_Handler                         0x080003a3   Thumb Code     2  startup_stm32f40xx.o(.text)
    UsageFault_Handler                       0x080003a5   Thumb Code     2  startup_stm32f40xx.o(.text)
    SVC_Handler                              0x080003a7   Thumb Code     2  startup_stm32f40xx.o(.text)
    DebugMon_Handler                         0x080003a9   Thumb Code     2  startup_stm32f40xx.o(.text)
    PendSV_Handler                           0x080003ab   Thumb Code     2  startup_stm32f40xx.o(.text)
    SysTick_Handler                          0x080003ad   Thumb Code     2  startup_stm32f40xx.o(.text)
    ADC_IRQHandler                           0x080003af   Thumb Code     0  startup_stm32f40xx.o(.text)
    CAN1_RX0_IRQHandler                      0x080003af   Thumb Code     0  startup_stm32f40xx.o(.text)
    CAN1_RX1_IRQHandler                      0x080003af   Thumb Code     0  startup_stm32f40xx.o(.text)
    CAN1_SCE_IRQHandler                      0x080003af   Thumb Code     0  startup_stm32f40xx.o(.text)
    CAN1_TX_IRQHandler                       0x080003af   Thumb Code     0  startup_stm32f40xx.o(.text)
    CAN2_RX0_IRQHandler                      0x080003af   Thumb Code     0  startup_stm32f40xx.o(.text)
    CAN2_RX1_IRQHandler                      0x080003af   Thumb Code     0  startup_stm32f40xx.o(.text)
    CAN2_SCE_IRQHandler                      0x080003af   Thumb Code     0  startup_stm32f40xx.o(.text)
    CAN2_TX_IRQHandler                       0x080003af   Thumb Code     0  startup_stm32f40xx.o(.text)
    CRYP_IRQHandler                          0x080003af   Thumb Code     0  startup_stm32f40xx.o(.text)
    DCMI_IRQHandler                          0x080003af   Thumb Code     0  startup_stm32f40xx.o(.text)
    DMA1_Stream0_IRQHandler                  0x080003af   Thumb Code     0  startup_stm32f40xx.o(.text)
    DMA1_Stream1_IRQHandler                  0x080003af   Thumb Code     0  startup_stm32f40xx.o(.text)
    DMA1_Stream2_IRQHandler                  0x080003af   Thumb Code     0  startup_stm32f40xx.o(.text)
    DMA1_Stream3_IRQHandler                  0x080003af   Thumb Code     0  startup_stm32f40xx.o(.text)
    DMA1_Stream4_IRQHandler                  0x080003af   Thumb Code     0  startup_stm32f40xx.o(.text)
    DMA1_Stream5_IRQHandler                  0x080003af   Thumb Code     0  startup_stm32f40xx.o(.text)
    DMA1_Stream6_IRQHandler                  0x080003af   Thumb Code     0  startup_stm32f40xx.o(.text)
    DMA1_Stream7_IRQHandler                  0x080003af   Thumb Code     0  startup_stm32f40xx.o(.text)
    DMA2_Stream0_IRQHandler                  0x080003af   Thumb Code     0  startup_stm32f40xx.o(.text)
    DMA2_Stream1_IRQHandler                  0x080003af   Thumb Code     0  startup_stm32f40xx.o(.text)
    DMA2_Stream2_IRQHandler                  0x080003af   Thumb Code     0  startup_stm32f40xx.o(.text)
    DMA2_Stream3_IRQHandler                  0x080003af   Thumb Code     0  startup_stm32f40xx.o(.text)
    DMA2_Stream4_IRQHandler                  0x080003af   Thumb Code     0  startup_stm32f40xx.o(.text)
    DMA2_Stream5_IRQHandler                  0x080003af   Thumb Code     0  startup_stm32f40xx.o(.text)
    DMA2_Stream6_IRQHandler                  0x080003af   Thumb Code     0  startup_stm32f40xx.o(.text)
    DMA2_Stream7_IRQHandler                  0x080003af   Thumb Code     0  startup_stm32f40xx.o(.text)
    ETH_IRQHandler                           0x080003af   Thumb Code     0  startup_stm32f40xx.o(.text)
    ETH_WKUP_IRQHandler                      0x080003af   Thumb Code     0  startup_stm32f40xx.o(.text)
    EXTI0_IRQHandler                         0x080003af   Thumb Code     0  startup_stm32f40xx.o(.text)
    EXTI15_10_IRQHandler                     0x080003af   Thumb Code     0  startup_stm32f40xx.o(.text)
    EXTI1_IRQHandler                         0x080003af   Thumb Code     0  startup_stm32f40xx.o(.text)
    EXTI2_IRQHandler                         0x080003af   Thumb Code     0  startup_stm32f40xx.o(.text)
    EXTI3_IRQHandler                         0x080003af   Thumb Code     0  startup_stm32f40xx.o(.text)
    EXTI4_IRQHandler                         0x080003af   Thumb Code     0  startup_stm32f40xx.o(.text)
    EXTI9_5_IRQHandler                       0x080003af   Thumb Code     0  startup_stm32f40xx.o(.text)
    FLASH_IRQHandler                         0x080003af   Thumb Code     0  startup_stm32f40xx.o(.text)
    FPU_IRQHandler                           0x080003af   Thumb Code     0  startup_stm32f40xx.o(.text)
    FSMC_IRQHandler                          0x080003af   Thumb Code     0  startup_stm32f40xx.o(.text)
    HASH_RNG_IRQHandler                      0x080003af   Thumb Code     0  startup_stm32f40xx.o(.text)
    I2C1_ER_IRQHandler                       0x080003af   Thumb Code     0  startup_stm32f40xx.o(.text)
    I2C1_EV_IRQHandler                       0x080003af   Thumb Code     0  startup_stm32f40xx.o(.text)
    I2C2_ER_IRQHandler                       0x080003af   Thumb Code     0  startup_stm32f40xx.o(.text)
    I2C2_EV_IRQHandler                       0x080003af   Thumb Code     0  startup_stm32f40xx.o(.text)
    I2C3_ER_IRQHandler                       0x080003af   Thumb Code     0  startup_stm32f40xx.o(.text)
    I2C3_EV_IRQHandler                       0x080003af   Thumb Code     0  startup_stm32f40xx.o(.text)
    OTG_FS_IRQHandler                        0x080003af   Thumb Code     0  startup_stm32f40xx.o(.text)
    OTG_FS_WKUP_IRQHandler                   0x080003af   Thumb Code     0  startup_stm32f40xx.o(.text)
    OTG_HS_EP1_IN_IRQHandler                 0x080003af   Thumb Code     0  startup_stm32f40xx.o(.text)
    OTG_HS_EP1_OUT_IRQHandler                0x080003af   Thumb Code     0  startup_stm32f40xx.o(.text)
    OTG_HS_IRQHandler                        0x080003af   Thumb Code     0  startup_stm32f40xx.o(.text)
    OTG_HS_WKUP_IRQHandler                   0x080003af   Thumb Code     0  startup_stm32f40xx.o(.text)
    PVD_IRQHandler                           0x080003af   Thumb Code     0  startup_stm32f40xx.o(.text)
    RCC_IRQHandler                           0x080003af   Thumb Code     0  startup_stm32f40xx.o(.text)
    RTC_Alarm_IRQHandler                     0x080003af   Thumb Code     0  startup_stm32f40xx.o(.text)
    RTC_WKUP_IRQHandler                      0x080003af   Thumb Code     0  startup_stm32f40xx.o(.text)
    SDIO_IRQHandler                          0x080003af   Thumb Code     0  startup_stm32f40xx.o(.text)
    SPI1_IRQHandler                          0x080003af   Thumb Code     0  startup_stm32f40xx.o(.text)
    SPI2_IRQHandler                          0x080003af   Thumb Code     0  startup_stm32f40xx.o(.text)
    SPI3_IRQHandler                          0x080003af   Thumb Code     0  startup_stm32f40xx.o(.text)
    TAMP_STAMP_IRQHandler                    0x080003af   Thumb Code     0  startup_stm32f40xx.o(.text)
    TIM1_BRK_TIM9_IRQHandler                 0x080003af   Thumb Code     0  startup_stm32f40xx.o(.text)
    TIM1_CC_IRQHandler                       0x080003af   Thumb Code     0  startup_stm32f40xx.o(.text)
    TIM1_TRG_COM_TIM11_IRQHandler            0x080003af   Thumb Code     0  startup_stm32f40xx.o(.text)
    TIM1_UP_TIM10_IRQHandler                 0x080003af   Thumb Code     0  startup_stm32f40xx.o(.text)
    TIM2_IRQHandler                          0x080003af   Thumb Code     0  startup_stm32f40xx.o(.text)
    TIM3_IRQHandler                          0x080003af   Thumb Code     0  startup_stm32f40xx.o(.text)
    TIM4_IRQHandler                          0x080003af   Thumb Code     0  startup_stm32f40xx.o(.text)
    TIM5_IRQHandler                          0x080003af   Thumb Code     0  startup_stm32f40xx.o(.text)
    TIM6_DAC_IRQHandler                      0x080003af   Thumb Code     0  startup_stm32f40xx.o(.text)
    TIM7_IRQHandler                          0x080003af   Thumb Code     0  startup_stm32f40xx.o(.text)
    TIM8_BRK_TIM12_IRQHandler                0x080003af   Thumb Code     0  startup_stm32f40xx.o(.text)
    TIM8_CC_IRQHandler                       0x080003af   Thumb Code     0  startup_stm32f40xx.o(.text)
    TIM8_TRG_COM_TIM14_IRQHandler            0x080003af   Thumb Code     0  startup_stm32f40xx.o(.text)
    TIM8_UP_TIM13_IRQHandler                 0x080003af   Thumb Code     0  startup_stm32f40xx.o(.text)
    UART4_IRQHandler                         0x080003af   Thumb Code     0  startup_stm32f40xx.o(.text)
    UART5_IRQHandler                         0x080003af   Thumb Code     0  startup_stm32f40xx.o(.text)
    USART1_IRQHandler                        0x080003af   Thumb Code     0  startup_stm32f40xx.o(.text)
    USART2_IRQHandler                        0x080003af   Thumb Code     0  startup_stm32f40xx.o(.text)
    USART3_IRQHandler                        0x080003af   Thumb Code     0  startup_stm32f40xx.o(.text)
    USART6_IRQHandler                        0x080003af   Thumb Code     0  startup_stm32f40xx.o(.text)
    WWDG_IRQHandler                          0x080003af   Thumb Code     0  startup_stm32f40xx.o(.text)
    __user_initial_stackheap                 0x080003b1   Thumb Code     0  startup_stm32f40xx.o(.text)
    __use_two_region_memory                  0x080003d5   Thumb Code     2  heapauxi.o(.text)
    __rt_heap_escrow$2region                 0x080003d7   Thumb Code     2  heapauxi.o(.text)
    __rt_heap_expand$2region                 0x080003d9   Thumb Code     2  heapauxi.o(.text)
    MAIN                                     0x080003dd   Thumb Code     0  algorithm_assembly.o(project)
    SystemCoreClock                          0x20000000   Data           4  system_stm32f4xx.o(.data)
    AHBPrescTable                            0x20000004   Data          16  system_stm32f4xx.o(.data)



==============================================================================

Memory Map of the image

  Image Entry point : 0x08000395

  Load Region LR_1 (Base: 0x08000000, Size: 0x00000668, Max: 0xffffffff, ABSOLUTE)

    Execution Region ER_RO (Base: 0x08000000, Size: 0x00000654, Max: 0xffffffff, ABSOLUTE)

    Base Addr    Size         Type   Attr      Idx    E Section Name        Object

    0x08000000   0x00000188   Data   RO           54    RESET               startup_stm32f40xx.o
    0x08000188   0x0000020c   Code   RO            8    .text               system_stm32f4xx.o
    0x08000394   0x00000040   Code   RO           55  * .text               startup_stm32f40xx.o
    0x080003d4   0x00000006   Code   RO           61    .text               c_w.l(heapauxi.o)
    0x080003da   0x00000002   PAD
    0x080003dc   0x00000276   Code   RO            1  * project             algorithm_assembly.o


    Execution Region ER_RW (Base: 0x20000000, Size: 0x00000014, Max: 0xffffffff, ABSOLUTE)

    Base Addr    Size         Type   Attr      Idx    E Section Name        Object

    0x20000000   0x00000014   Data   RW            9    .data               system_stm32f4xx.o


    Execution Region ER_ZI (Base: 0x20000014, Size: 0x00000604, Max: 0xffffffff, ABSOLUTE)

    Base Addr    Size         Type   Attr      Idx    E Section Name        Object

    0x20000014   0x00000004   PAD
    0x20000018   0x00000200   Zero   RW           53    HEAP                startup_stm32f40xx.o
    0x20000218   0x00000400   Zero   RW           52    STACK               startup_stm32f40xx.o


==============================================================================

Image component sizes


      Code (inc. data)   RO Data    RW Data    ZI Data      Debug   Object Name

       630        444          0          0          0        324   algorithm_assembly.o
        64         26        392          0       1536        880   startup_stm32f40xx.o
       524         44          0         20          0       5935   system_stm32f4xx.o

    ----------------------------------------------------------------------
      1220        516        392         20       1540       7139   Object Totals
         0          0          0          0          0          0   (incl. Generated)
         2          2          0          0          4          0   (incl. Padding)

    ----------------------------------------------------------------------

      Code (inc. data)   RO Data    RW Data    ZI Data      Debug   Library Member Name

         6          0          0          0          0        152   heapauxi.o

    ----------------------------------------------------------------------
         8          0          0          0          0        152   Library Totals
         2          0          0          0          0          0   (incl. Padding)

    ----------------------------------------------------------------------

      Code (inc. data)   RO Data    RW Data    ZI Data      Debug   Library Name

         6          0          0          0          0        152   c_w.l

    ----------------------------------------------------------------------
         8          0          0          0          0        152   Library Totals

    ----------------------------------------------------------------------

==============================================================================


      Code (inc. data)   RO Data    RW Data    ZI Data      Debug   

      1228        516        392         20       1540       7291   Grand Totals
      1228        516        392         20       1540       7291   ELF Image Totals
      1228        516        392         20          0          0   ROM Totals

==============================================================================

    Total RO  Size (Code + RO Data)                 1620 (   1.58kB)
    Total RW  Size (RW Data + ZI Data)              1560 (   1.52kB)
    Total ROM Size (Code + RO Data + RW Data)       1640 (   1.60kB)

==============================================================================

